{"test":"Just a file to test the logic of the .generatetreeignore file."}
